---
source: src/tests.rs
assertion_line: 259
expression: struct_type
---
Struct(
    Struct {
        attributes: [
            Attribute {
                tk_hashbang: Punct {
                    char: '#',
                    spacing: Alone,
                },
                tk_braces: [],
                path: [
                    hello,
                ],
                tk_equals: None,
                tk_group: None,
                value: None,
            },
        ],
        vis_marker: Some(
            pub,
        ),
        tk_struct: Ident(
            struct,
        ),
        name: Ident(
            Hello,
        ),
        generic_params: None,
        where_clause: None,
        fields: Tuple(
            [
                TupleField {
                    attributes: [],
                    vis_marker: None,
                    ty: [
                        A,
                    ],
                },
                TupleField {
                    attributes: [],
                    vis_marker: None,
                    ty: [
                        B,
                    ],
                },
            ],
        ),
        tk_semicolon: Some(
            Punct {
                char: ';',
                spacing: Alone,
            },
        ),
    },
)
