---
source: src/tests.rs
expression: tokens
---
struct Hello < ' b : c + d > { a : A , b : B , }
