---
source: src/tests.rs
assertion_line: 480
expression: enum_type
---
Enum(
    Enum {
        attributes: [],
        vis_marker: None,
        _enum: Ident(
            enum,
        ),
        name: Ident(
            Hello,
        ),
        generic_params: Some(
            [
                GenericParam {
                    name: "X",
                    bound: None,
                },
                GenericParam {
                    name: "Y",
                    bound: Some(
                        [
                            Z,
                            "<",
                            A,
                            ">",
                        ],
                    ),
                },
                GenericParam {
                    name: "Z",
                    bound: None,
                },
            ],
        ),
        where_clauses: None,
        variants: [
            EnumVariant {
                attributes: [],
                vis_marker: None,
                name: Ident(
                    A,
                ),
                contents: Unit,
                discriminant: None,
            },
            EnumVariant {
                attributes: [],
                vis_marker: None,
                name: Ident(
                    B,
                ),
                contents: Tuple(
                    [
                        TupleField {
                            attributes: [],
                            vis_marker: None,
                            ty: [
                                Foo,
                            ],
                        },
                        TupleField {
                            attributes: [],
                            vis_marker: None,
                            ty: [
                                Bar,
                                "<",
                                X,
                                ",",
                                Y,
                                ",",
                                Z,
                                ">",
                            ],
                        },
                    ],
                ),
                discriminant: None,
            },
            EnumVariant {
                attributes: [],
                vis_marker: None,
                name: Ident(
                    C,
                ),
                contents: Named(
                    [
                        NamedField {
                            attributes: [],
                            vis_marker: None,
                            name: Ident(
                                foo,
                            ),
                            tk_colon: Punct {
                                char: ':',
                                spacing: Alone,
                            },
                            ty: [
                                Foo,
                                "<",
                                X,
                                ",",
                                Y,
                                ",",
                                Z,
                                ">",
                            ],
                        },
                        NamedField {
                            attributes: [],
                            vis_marker: None,
                            name: Ident(
                                bar,
                            ),
                            tk_colon: Punct {
                                char: ':',
                                spacing: Alone,
                            },
                            ty: [
                                Bar,
                            ],
                        },
                    ],
                ),
                discriminant: None,
            },
        ],
    },
)
