---
source: src/tests.rs
assertion_line: 110
expression: struct_type
---
Struct(
    Struct {
        attributes: [],
        vis_marker: None,
        tk_struct: Ident(
            struct,
        ),
        name: Ident(
            Hello,
        ),
        generic_params: None,
        where_clause: None,
        fields: Named(
            [],
        ),
        tk_semicolon: None,
    },
)
