---
source: src/tests.rs
expression: func
---
Function(
    Function {
        attributes: [],
        vis_marker: Some(
            pub,
        ),
        qualifiers: FunctionQualifiers {
            tk_default: None,
            tk_const: None,
            tk_async: None,
            tk_unsafe: Some(
                Ident(
                    unsafe,
                ),
            ),
            tk_extern: None,
            extern_abi: None,
        },
        name: Ident(
            unsafe_fn,
        ),
        generic_params: None,
        tk_params_parens: (),
        params: [
            Typed(
                FunctionTypedParameter {
                    attributes: [],
                    tk_mut: None,
                    name: Ident(
                        b,
                    ),
                    tk_colon: Punct {
                        char: ':',
                        spacing: Alone,
                    },
                    ty: [
                        f32,
                    ],
                },
            ),
        ],
        where_clause: None,
        tk_return_arrow: None,
        return_ty: None,
        body: Some(
            Group {
                delimiter: Brace,
                stream: TokenStream [],
            },
        ),
    },
)
