---
source: src/tests.rs
expression: func
---
Function(
    Function {
        attributes: [],
        vis_marker: Some(
            pub,
        ),
        qualifiers: FnQualifiers {
            tk_default: Some(
                Ident(
                    default,
                ),
            ),
            tk_const: Some(
                Ident(
                    const,
                ),
            ),
            tk_async: Some(
                Ident(
                    async,
                ),
            ),
            tk_unsafe: Some(
                Ident(
                    unsafe,
                ),
            ),
            tk_extern: Some(
                Ident(
                    extern,
                ),
            ),
            extern_abi: Some(
                Literal {
                    lit: "C",
                },
            ),
        },
        tk_fn_keyword: Ident(
            fn,
        ),
        name: Ident(
            all_kw,
        ),
        generic_params: None,
        tk_params_parens: (),
        params: [
            Typed(
                FnTypedParam {
                    attributes: [],
                    tk_mut: None,
                    name: Ident(
                        b,
                    ),
                    tk_colon: Punct {
                        char: ':',
                        spacing: Alone,
                    },
                    ty: [
                        f32,
                    ],
                },
            ),
        ],
        where_clause: None,
        tk_return_arrow: None,
        return_ty: None,
        tk_semicolon: None,
        body: Some(
            Group {
                delimiter: Brace,
                stream: TokenStream [],
            },
        ),
    },
)
