---
source: src/tests.rs
assertion_line: 286
expression: enum_type
---
Enum(
    Enum {
        attributes: [
            Attribute {
                tk_hashbang: Punct {
                    char: '#',
                    spacing: Alone,
                },
                tk_brackets: [],
                path: [
                    hello,
                ],
                value: Empty,
            },
        ],
        vis_marker: Some(
            pub,
        ),
        tk_enum: Ident(
            enum,
        ),
        name: Ident(
            Hello,
        ),
        generic_params: None,
        where_clauses: None,
        variants: [
            EnumVariant {
                attributes: [],
                vis_marker: None,
                name: Ident(
                    A,
                ),
                contents: Unit,
                discriminant: None,
            },
            EnumVariant {
                attributes: [],
                vis_marker: None,
                name: Ident(
                    B,
                ),
                contents: Tuple(
                    [
                        TupleField {
                            attributes: [],
                            vis_marker: None,
                            ty: [
                                Foo,
                            ],
                        },
                        TupleField {
                            attributes: [],
                            vis_marker: None,
                            ty: [
                                Bar,
                            ],
                        },
                    ],
                ),
                discriminant: None,
            },
            EnumVariant {
                attributes: [],
                vis_marker: None,
                name: Ident(
                    C,
                ),
                contents: Named(
                    [
                        NamedField {
                            attributes: [],
                            vis_marker: None,
                            name: Ident(
                                foo,
                            ),
                            tk_colon: Punct {
                                char: ':',
                                spacing: Alone,
                            },
                            ty: [
                                Foo,
                            ],
                        },
                        NamedField {
                            attributes: [],
                            vis_marker: None,
                            name: Ident(
                                bar,
                            ),
                            tk_colon: Punct {
                                char: ':',
                                spacing: Alone,
                            },
                            ty: [
                                Bar,
                            ],
                        },
                    ],
                ),
                discriminant: None,
            },
        ],
    },
)
