---
source: src/tests.rs
expression: tokens
---
struct Hello where Self : Sized { a : A , b : B , }
