---
source: src/tests.rs
expression: impl_decl
---
Impl(
    Impl {
        attributes: [],
        tk_impl: Ident(
            impl,
        ),
        impl_generic_params: None,
        trait_ty: None,
        tk_for: None,
        self_ty: [
            MyStruct,
        ],
        where_clause: None,
        body: ImplBody {
            members: [
                Method(
                    Function {
                        attributes: [],
                        vis_marker: None,
                        qualifiers: FunctionQualifiers {
                            tk_default: None,
                            tk_const: None,
                            tk_async: None,
                            tk_unsafe: None,
                            tk_extern: None,
                            extern_abi: None,
                        },
                        tk_fn_keyword: Ident(
                            fn,
                        ),
                        name: Ident(
                            new,
                        ),
                        generic_params: None,
                        tk_params_parens: (),
                        params: [
                            Typed(
                                FunctionTypedParameter {
                                    attributes: [],
                                    tk_mut: None,
                                    name: Ident(
                                        i,
                                    ),
                                    tk_colon: Punct {
                                        char: ':',
                                        spacing: Alone,
                                    },
                                    ty: [
                                        i32,
                                    ],
                                },
                            ),
                            Typed(
                                FunctionTypedParameter {
                                    attributes: [],
                                    tk_mut: None,
                                    name: Ident(
                                        b,
                                    ),
                                    tk_colon: Punct {
                                        char: ':',
                                        spacing: Alone,
                                    },
                                    ty: [
                                        bool,
                                    ],
                                },
                            ),
                        ],
                        where_clause: None,
                        tk_return_arrow: Some(
                            [
                                Punct {
                                    char: '-',
                                    spacing: Joint,
                                },
                                Punct {
                                    char: '>',
                                    spacing: Alone,
                                },
                            ],
                        ),
                        return_ty: Some(
                            [
                                Self,
                            ],
                        ),
                        tk_semicolon: None,
                        body: Some(
                            Group {
                                delimiter: Brace,
                                stream: TokenStream [
                                    Ident {
                                        sym: Self,
                                    },
                                    Group {
                                        delimiter: Brace,
                                        stream: TokenStream [],
                                    },
                                ],
                            },
                        ),
                    },
                ),
                Method(
                    Function {
                        attributes: [
                            Attribute {
                                tk_hashbang: Punct {
                                    char: '#',
                                    spacing: Alone,
                                },
                                tk_brackets: [],
                                path: [
                                    attr,
                                ],
                                value: Empty,
                            },
                        ],
                        vis_marker: Some(
                            pub(
                                crate,
                            ),
                        ),
                        qualifiers: FunctionQualifiers {
                            tk_default: None,
                            tk_const: None,
                            tk_async: None,
                            tk_unsafe: None,
                            tk_extern: None,
                            extern_abi: None,
                        },
                        tk_fn_keyword: Ident(
                            fn,
                        ),
                        name: Ident(
                            set_value,
                        ),
                        generic_params: None,
                        tk_params_parens: (),
                        params: [
                            Receiver(
                                FunctionReceiverParameter {
                                    attributes: [],
                                    tk_ref: Some(
                                        Punct {
                                            char: '&',
                                            spacing: Alone,
                                        },
                                    ),
                                    tk_mut: Some(
                                        Ident(
                                            mut,
                                        ),
                                    ),
                                    tk_self: Ident(
                                        self,
                                    ),
                                },
                            ),
                            Typed(
                                FunctionTypedParameter {
                                    attributes: [],
                                    tk_mut: None,
                                    name: Ident(
                                        s,
                                    ),
                                    tk_colon: Punct {
                                        char: ':',
                                        spacing: Alone,
                                    },
                                    ty: [
                                        String,
                                    ],
                                },
                            ),
                        ],
                        where_clause: None,
                        tk_return_arrow: None,
                        return_ty: None,
                        tk_semicolon: None,
                        body: Some(
                            Group {
                                delimiter: Brace,
                                stream: TokenStream [],
                            },
                        ),
                    },
                ),
                Constant(
                    Constant {
                        attributes: [],
                        vis_marker: Some(
                            pub,
                        ),
                        tk_const: Ident(
                            const,
                        ),
                        name: Ident(
                            CONSTANT,
                        ),
                        tk_colon: Punct {
                            char: ':',
                            spacing: Alone,
                        },
                        ty: [
                            i8,
                        ],
                        tk_equals: Punct {
                            char: '=',
                            spacing: Alone,
                        },
                        initializer: [
                            24,
                            "+",
                            7,
                        ],
                        tk_semicolon: Punct {
                            char: ';',
                            spacing: Alone,
                        },
                    },
                ),
            ],
            tk_braces: {},
        },
    },
)
