---
source: src/tests.rs
assertion_line: 201
expression: enum_type_pub_crate
---
Enum(
    Enum {
        attributes: [],
        vis_marker: Some(
            pub(
                crate,
            ),
        ),
        tk_enum: Ident(
            enum,
        ),
        name: Ident(
            Hello,
        ),
        generic_params: None,
        where_clauses: None,
        variants: [
            EnumVariant {
                attributes: [],
                vis_marker: None,
                name: Ident(
                    A,
                ),
                contents: Unit,
                value: None,
            },
            EnumVariant {
                attributes: [],
                vis_marker: None,
                name: Ident(
                    B,
                ),
                contents: Tuple(
                    [
                        TupleField {
                            attributes: [],
                            vis_marker: None,
                            ty: [
                                Foo,
                            ],
                        },
                        TupleField {
                            attributes: [],
                            vis_marker: None,
                            ty: [
                                Bar,
                            ],
                        },
                    ],
                ),
                value: None,
            },
            EnumVariant {
                attributes: [],
                vis_marker: None,
                name: Ident(
                    C,
                ),
                contents: Named(
                    [
                        NamedField {
                            attributes: [],
                            vis_marker: None,
                            name: Ident(
                                foo,
                            ),
                            tk_colon: Punct {
                                char: ':',
                                spacing: Alone,
                            },
                            ty: [
                                Foo,
                            ],
                        },
                        NamedField {
                            attributes: [],
                            vis_marker: None,
                            name: Ident(
                                bar,
                            ),
                            tk_colon: Punct {
                                char: ':',
                                spacing: Alone,
                            },
                            ty: [
                                Bar,
                            ],
                        },
                    ],
                ),
                value: None,
            },
        ],
    },
)
