---
source: src/tests.rs
expression: tokens
---
struct Hello < T > { a : A , b : B , }
