---
source: src/tests.rs
assertion_line: 140
expression: struct_type_crate
---
Struct(
    Struct {
        attributes: [],
        vis_marker: Some(
            crate,
        ),
        tk_struct: Ident(
            struct,
        ),
        name: Ident(
            Hello,
        ),
        generic_params: None,
        where_clause: None,
        fields: Unit,
        tk_semicolon: Some(
            Punct {
                char: ';',
                spacing: Alone,
            },
        ),
    },
)
