---
source: src/tests.rs
expression: func
---
Function(
    Function {
        attributes: [],
        vis_marker: None,
        name: Ident(
            test_me,
        ),
        generic_params: None,
        where_clauses: None,
        params: [],
        returns: None,
        abi: "Rust",
        is_unsafe: false,
        is_async: false,
        is_const: false,
    },
)
