---
source: src/tests.rs
expression: tokens
---
struct Hello < 'b , A , B > { a : A , b : B , }
